random term:
26.7463979036
end random term


7.
0.753902254343
15.
403.428793493
0.
0.909297426826
0.9092974269
0.753902254344


Term:
sin (y1)
Forward derivative of term:
let y2, dy2 = ⟨y1, dy1⟩ in
⟨sin (y2), (cos (y2) * dy2)⟩
Reduced derivative of term:
⟨sin (y1), (cos (y1) * dy1)⟩


Term:
let y3 = let y4 = cos (let y5 = let y6 = 89.7088697791 in
y6 in
(y5 * 80.698796696)) in
65.8319272192 in
-(let y7 = 77.0092263665 in
y7)

Anf Term:
let y6 = 89.7088697791 in
let y5 = y6 in
let y9 = y5 in
let y10 = 80.698796696 in
let y11 = (y9 * y10) in
let y4 = cos (y11) in
let y3 = 65.8319272192 in
let y7 = 77.0092263665 in
let y8 = y7 in
-(y8)

Forward derivative of term:
let y6, dy6 = ⟨89.7088697791, 0.⟩ in
let y5, dy5 = ⟨y6, dy6⟩ in
let y9, dy9 = ⟨y5, dy5⟩ in
let y10, dy10 = ⟨80.698796696, 0.⟩ in
let y11, dy11 = let y12, dy12 = ⟨y9, dy9⟩ in
let y13, dy13 = ⟨y10, dy10⟩ in
⟨(y12 * y13), ((y13 * dy12) + (y12 * dy13))⟩ in
let y4, dy4 = let y14, dy14 = ⟨y11, dy11⟩ in
⟨cos (y14), (-(sin (y14)) * dy14)⟩ in
let y3, dy3 = ⟨65.8319272192, 0.⟩ in
let y7, dy7 = ⟨77.0092263665, 0.⟩ in
let y8, dy8 = ⟨y7, dy7⟩ in
let y15, dy15 = ⟨y8, dy8⟩ in
⟨-(y15), (-1. * dy15)⟩

Reduced derivative of term:
⟨-77.0092263665, 0.⟩


variable:
x1
term:
exp (x1)
reverse derivative macro of term:
⟨exp (x1), λy18,y17. (λy16. {y16})[(y18 + (exp (x1) * y17))]⟩
derivative of term:
(λy18,y17. (λy16. {y16})[(y18 + (exp (x1) * y17))])[0., 1.]
fully reduced term:
{y16}


term:
(x1 + x2)
anf term:
(x1 + x2)
reverse derivative macro of term:
⟨(x1 + x2), λy22,y23,y21. (λy19,y20. {y19,y20})[(y22 + (1. * y21)), (y23 + (1. * y21))]⟩
derivative of term:
(λy22,y23,y21. (λy19,y20. {y19,y20})[(y22 + (1. * y21)), (y23 + (1. * y21))])[0., 0., 1.]
fully reduced term:
{y19,y20}


Term:
52.1229533292

Anf Term:
52.1229533292

Reverse derivative macro of term:
let y25, dy25 = ⟨52.1229533292, λy24. (λ. {}){}⟩ in
(dy25)[1.]

Reduced reverse derivative macro of term:
{}


Term:
-(cos (3.))

Anf Term:
let y26 = 3. in
let y27 = cos (y26) in
-(y27)

Reverse derivative macro of term:
let y26, dy26 = ⟨3., λy30,y29. (λy28. {y28})[y30]⟩ in
let y27, dy27 = ⟨cos (y26), λy32,y33,y31. (dy26)[y32, (y33 + (-(sin (y26)) * y31))]⟩ in
⟨-(y27), λy35,y36,y37,y34. (dy27)[y35, y36, (y37 + (-1. * y34))]⟩

Reduced reverse derivative macro of term:
⟨0.9899924966, λy35,y36,y37,y34. {y35}⟩


Term:
((x1 + x2) * (x1 + x2))

Anf Term:
let y38 = (x1 + x2) in
let y39 = (x1 + x2) in
(y38 * y39)

Reverse derivative macro of term:
let y54, dy54 = let y38, dy38 = ⟨(x1 + x2), λy43,y44,y42. (λy40,y41. {y40,y41})[(y43 + (1. * y42)), (y44 + (1. * y42))]⟩ in
let y39, dy39 = ⟨(x1 + x2), λy46,y47,y48,y45. (dy38)[(y46 + (1. * y45)), (y47 + (1. * y45)), y48]⟩ in
⟨(y38 * y39), λy50,y51,y52,y53,y49. (dy39)[y50, y51, (y52 + (y39 * y49)), (y53 + (y38 * y49))]⟩ in
(dy54)[0., 0., 0., 0., 1.]

Reduced reverse derivative macro of term:
let y38 = (x1 + x2) in
let y39 = y38 in
let y54, dy54 = ⟨(y38 * y39), λy50,y51,y52,y53,y49. {y40,y41}⟩ in
(dy54)[0., 0., 0., 0., 1.]


Term:
let z1 = (x2 * (x1 + x2)) in
z1

Weak anf Term:
let z1 = let y55 = x2 in
let y56 = (x1 + x2) in
(y55 * y56) in
z1

Reverse derivative macro of term:
let y77, dy77 = let z1, dz1 = let y55, dy55 = ⟨x2, λy60,y61,y59. (λy57,y58. {y57,y58})[y60, (y61 + y59)]⟩ in
let y56, dy56 = ⟨(x1 + x2), λy63,y64,y65,y62. (dy55)[(y63 + (1. * y62)), (y64 + (1. * y62)), y65]⟩ in
⟨(y55 * y56), λy67,y68,y69,y70,y66. (dy56)[y67, y68, (y69 + (y56 * y66)), (y70 + (y55 * y66))]⟩ in
⟨z1, λy72,y73,y74,y75,y76,y71. (dz1)[y72, y73, y74, y75, (y76 + y71)]⟩ in
(dy77)[0., 0., 0., 0., 0., 1.]

Reduced reverse derivative macro of term:
let y56 = (x1 + x2) in
let z1, dz1 = ⟨(x2 * y56), λy67,y68,y69,y70,y66. {y60,y58}⟩ in
let y77, dy77 = ⟨z1, λy72,y73,y74,y75,y76,y71. (dz1)[y72, y73, y74, y75, (y76 + y71)]⟩ in
(dy77)[0., 0., 0., 0., 0., 1.]


Term:
let z1 = x1 in
z1

Weak anf Term:
let z1 = x1 in
z1

Reverse derivative macro of term:
let y84, dy84 = let z1, dz1 = ⟨x1, λy80,y79. (λy78. {y78})[(y80 + y79)]⟩ in
⟨z1, λy82,y83,y81. (dz1)[y82, (y83 + y81)]⟩ in
(dy84)[0., 0., 1.]

Reduced reverse derivative macro of term:
{y78}

Term:
let z1 = let z2 = x1 in
z2 in
z1

Weak anf Term:
let z1 = let z2 = x1 in
z2 in
z1

Reverse derivative macro of term:
let y95, dy95 = let z1, dz1 = let z2, dz2 = ⟨x1, λy87,y86. (λy85. {y85})[(y87 + y86)]⟩ in
⟨z2, λy89,y90,y88. (dz2)[y89, (y90 + y88)]⟩ in
⟨z1, λy92,y93,y94,y91. (dz1)[y92, y93, (y94 + y91)]⟩ in
(dy95)[0., 0., 0., 1.]

Reduced reverse derivative macro of term:
{y85}


Term:
sin (x1)
Forward derivative of term:
let y96,dy96,d2y96 = {x1,dx1,d2x1} in
{sin (y96),(cos (y96) * dy96),(-((sin (y96) * dy96)) + (cos (y96) * d2y96))}
Gradient of term:
{{sin (z1),(cos (z1) * 1.),((cos (z1) * 0.) - (sin (z1) * 1.))}}
Reduced derivative of term:
{{sin (z1),cos (z1),-(sin (z1))}}


Term:
((x1 + x2) * (x1 + x2))

Reduced hessian of term:
({(y98 * y99),((y99 * dy98) + (y98 * dy99)),(((d2y98 * y99) + (y98 * d2y99)) + (2. * (dy98 * dy99)))} - (2. * {(y104 * y105),((y105 * dy104) + (y104 * dy105)),(((d2y104 * y105) + (y104 * d2y105)) + (2. * (dy104 * dy105)))}))


